
test.bin:     file format binary


Disassembly of section .data:

00000000 <.data>:
   0:	4932      	ldr	r1, [pc, #200]	@ (0xcc)
   2:	ed91 0a00 	vldr	s0, [r1]
   6:	edd1 0a00 	vldr	s1, [r1]
   a:	eeb4 0a60 	vcmp.f32	s0, s1
   e:	eef1 fa10 	vmrs	APSR_nzcv, fpscr
  12:	d102      	bne.n	0x1a
  14:	2001      	movs	r0, #1
  16:	be00      	bkpt	0x0000
  18:	e7fe      	b.n	0x18
  1a:	492d      	ldr	r1, [pc, #180]	@ (0xd0)
  1c:	ed91 0a00 	vldr	s0, [r1]
  20:	4a2c      	ldr	r2, [pc, #176]	@ (0xd4)
  22:	edd2 0a00 	vldr	s1, [r2]
  26:	ee30 1a20 	vadd.f32	s2, s0, s1
  2a:	eeb4 1a40 	vcmp.f32	s2, s0
  2e:	eef1 fa10 	vmrs	APSR_nzcv, fpscr
  32:	d002      	beq.n	0x3a
  34:	2002      	movs	r0, #2
  36:	be00      	bkpt	0x0000
  38:	e7fe      	b.n	0x38
  3a:	4927      	ldr	r1, [pc, #156]	@ (0xd8)
  3c:	ed91 0a00 	vldr	s0, [r1]
  40:	4a26      	ldr	r2, [pc, #152]	@ (0xdc)
  42:	edd2 0a00 	vldr	s1, [r2]
  46:	ee20 1a20 	vmul.f32	s2, s0, s1
  4a:	eeb4 1a40 	vcmp.f32	s2, s0
  4e:	eef1 fa10 	vmrs	APSR_nzcv, fpscr
  52:	d002      	beq.n	0x5a
  54:	2003      	movs	r0, #3
  56:	be00      	bkpt	0x0000
  58:	e7fe      	b.n	0x58
  5a:	4921      	ldr	r1, [pc, #132]	@ (0xe0)
  5c:	ed91 0a00 	vldr	s0, [r1]
  60:	4a20      	ldr	r2, [pc, #128]	@ (0xe4)
  62:	edd2 0a00 	vldr	s1, [r2]
  66:	eeb4 0a60 	vcmp.f32	s0, s1
  6a:	eef1 fa10 	vmrs	APSR_nzcv, fpscr
  6e:	d002      	beq.n	0x76
  70:	2004      	movs	r0, #4
  72:	be00      	bkpt	0x0000
  74:	e7fe      	b.n	0x74
  76:	4917      	ldr	r1, [pc, #92]	@ (0xd4)
  78:	ed91 0a00 	vldr	s0, [r1]
  7c:	4a18      	ldr	r2, [pc, #96]	@ (0xe0)
  7e:	edd2 0a00 	vldr	s1, [r2]
  82:	ee80 1a20 	vdiv.f32	s2, s0, s1
  86:	4b12      	ldr	r3, [pc, #72]	@ (0xd0)
  88:	edd3 1a00 	vldr	s3, [r3]
  8c:	eeb4 1a61 	vcmp.f32	s2, s3
  90:	eef1 fa10 	vmrs	APSR_nzcv, fpscr
  94:	d002      	beq.n	0x9c
  96:	2005      	movs	r0, #5
  98:	be00      	bkpt	0x0000
  9a:	e7fe      	b.n	0x9a
  9c:	2000      	movs	r0, #0
  9e:	be00      	bkpt	0x0000
  a0:	e7fe      	b.n	0xa0
  a2:	bf00      	nop
  a4:	f3af 8000 	nop.w
  a8:	f3af 8000 	nop.w
  ac:	f3af 8000 	nop.w
  b0:	0000      	movs	r0, r0
  b2:	7fc0      	ldrb	r0, [r0, #31]
  b4:	0000      	movs	r0, r0
  b6:	7f80      	ldrb	r0, [r0, #30]
  b8:	0000      	movs	r0, r0
  ba:	ff80 0000 	vaddl.u8	q0, d0, d0
  be:	3f80      	subs	r7, #128	@ 0x80
  c0:	0000      	movs	r0, r0
  c2:	4000      	ands	r0, r0
  c4:	0000      	movs	r0, r0
  c6:	0000      	movs	r0, r0
  c8:	0000      	movs	r0, r0
  ca:	8000      	strh	r0, [r0, #0]
  cc:	00b0      	lsls	r0, r6, #2
  ce:	0000      	movs	r0, r0
  d0:	00b4      	lsls	r4, r6, #2
  d2:	0000      	movs	r0, r0
  d4:	00bc      	lsls	r4, r7, #2
  d6:	0000      	movs	r0, r0
  d8:	00b8      	lsls	r0, r7, #2
  da:	0000      	movs	r0, r0
  dc:	00c0      	lsls	r0, r0, #3
  de:	0000      	movs	r0, r0
  e0:	00c4      	lsls	r4, r0, #3
  e2:	0000      	movs	r0, r0
  e4:	00c8      	lsls	r0, r1, #3
	...
