
test.bin:     file format binary


Disassembly of section .data:

00000000 <.data>:
   0:	2000      	movs	r0, #0
   2:	f04f 5100 	mov.w	r1, #536870912	@ 0x20000000
   6:	a44b      	add	r4, pc, #300	@ (adr r4, 0x134)
   8:	ed94 0a00 	vldr	s0, [r4]
   c:	ee10 5a10 	vmov	r5, s0
  10:	a648      	add	r6, pc, #288	@ (adr r6, 0x134)
  12:	6836      	ldr	r6, [r6, #0]
  14:	42b5      	cmp	r5, r6
  16:	d17a      	bne.n	0x10e
  18:	ed81 0a01 	vstr	s0, [r1, #4]
  1c:	684d      	ldr	r5, [r1, #4]
  1e:	42b5      	cmp	r5, r6
  20:	d175      	bne.n	0x10e
  22:	a442      	add	r4, pc, #264	@ (adr r4, 0x12c)
  24:	ed94 0a00 	vldr	s0, [r4]
  28:	edd4 0a00 	vldr	s1, [r4]
  2c:	ee30 1a20 	vadd.f32	s2, s0, s1
  30:	a43f      	add	r4, pc, #252	@ (adr r4, 0x130)
  32:	edd4 1a00 	vldr	s3, [r4]
  36:	eeb4 1a61 	vcmp.f32	s2, s3
  3a:	eef1 fa10 	vmrs	APSR_nzcv, fpscr
  3e:	d166      	bne.n	0x10e
  40:	a43a      	add	r4, pc, #232	@ (adr r4, 0x12c)
  42:	ed94 0a00 	vldr	s0, [r4]
  46:	edd4 0a00 	vldr	s1, [r4]
  4a:	ee30 1a60 	vsub.f32	s2, s0, s1
  4e:	a434      	add	r4, pc, #208	@ (adr r4, 0x120)
  50:	edd4 1a00 	vldr	s3, [r4]
  54:	eeb4 1a61 	vcmp.f32	s2, s3
  58:	eef1 fa10 	vmrs	APSR_nzcv, fpscr
  5c:	d157      	bne.n	0x10e
  5e:	ee20 1a20 	vmul.f32	s2, s0, s1
  62:	eeb4 1a40 	vcmp.f32	s2, s0
  66:	eef1 fa10 	vmrs	APSR_nzcv, fpscr
  6a:	d150      	bne.n	0x10e
  6c:	ee80 1a20 	vdiv.f32	s2, s0, s1
  70:	eeb4 1a40 	vcmp.f32	s2, s0
  74:	eef1 fa10 	vmrs	APSR_nzcv, fpscr
  78:	d149      	bne.n	0x10e
  7a:	a42a      	add	r4, pc, #168	@ (adr r4, 0x124)
  7c:	ed94 0a00 	vldr	s0, [r4]
  80:	edd4 0a00 	vldr	s1, [r4]
  84:	ed94 1a00 	vldr	s2, [r4]
  88:	eea0 1a20 	vfma.f32	s2, s0, s1
  8c:	a426      	add	r4, pc, #152	@ (adr r4, 0x128)
  8e:	edd4 1a00 	vldr	s3, [r4]
  92:	eeb4 1a61 	vcmp.f32	s2, s3
  96:	eef1 fa10 	vmrs	APSR_nzcv, fpscr
  9a:	d138      	bne.n	0x10e
  9c:	eea0 1a60 	vfms.f32	s2, s0, s1
  a0:	a420      	add	r4, pc, #128	@ (adr r4, 0x124)
  a2:	edd4 1a00 	vldr	s3, [r4]
  a6:	eeb4 1a61 	vcmp.f32	s2, s3
  aa:	eef1 fa10 	vmrs	APSR_nzcv, fpscr
  ae:	d12e      	bne.n	0x10e
  b0:	ed94 0a00 	vldr	s0, [r4]
  b4:	edd4 0a00 	vldr	s1, [r4]
  b8:	eeb4 0a60 	vcmp.f32	s0, s1
  bc:	eef1 fa10 	vmrs	APSR_nzcv, fpscr
  c0:	d125      	bne.n	0x10e
  c2:	f04f 0305 	mov.w	r3, #5
  c6:	ee00 3a10 	vmov	s0, r3
  ca:	eef8 0ac0 	vcvt.f32.s32	s1, s0
  ce:	eebd 1ae0 	vcvt.s32.f32	s2, s1
  d2:	ee11 4a10 	vmov	r4, s2
  d6:	2c05      	cmp	r4, #5
  d8:	d119      	bne.n	0x10e
  da:	eebc 1ae0 	vcvt.u32.f32	s2, s1
  de:	ee11 4a10 	vmov	r4, s2
  e2:	2c05      	cmp	r4, #5
  e4:	d113      	bne.n	0x10e
  e6:	a40f      	add	r4, pc, #60	@ (adr r4, 0x124)
  e8:	ed94 0a00 	vldr	s0, [r4]
  ec:	ed2d 0a01 	vpush	{s0}
  f0:	a40b      	add	r4, pc, #44	@ (adr r4, 0x120)
  f2:	ed94 0a00 	vldr	s0, [r4]
  f6:	ecbd 0a01 	vpop	{s0}
  fa:	a40a      	add	r4, pc, #40	@ (adr r4, 0x124)
  fc:	edd4 0a00 	vldr	s1, [r4]
 100:	eeb4 0a60 	vcmp.f32	s0, s1
 104:	eef1 fa10 	vmrs	APSR_nzcv, fpscr
 108:	d101      	bne.n	0x10e
 10a:	2000      	movs	r0, #0
 10c:	e000      	b.n	0x110
 10e:	2001      	movs	r0, #1
 110:	be00      	bkpt	0x0000
 112:	e7fe      	b.n	0x112
 114:	f3af 8000 	nop.w
 118:	f3af 8000 	nop.w
 11c:	f3af 8000 	nop.w
 120:	0000      	movs	r0, r0
 122:	0000      	movs	r0, r0
 124:	0000      	movs	r0, r0
 126:	3f00      	subs	r7, #0
 128:	0000      	movs	r0, r0
 12a:	3f40      	subs	r7, #64	@ 0x40
 12c:	0000      	movs	r0, r0
 12e:	3f80      	subs	r7, #128	@ 0x80
 130:	0000      	movs	r0, r0
 132:	4000      	ands	r0, r0
 134:	0000      	movs	r0, r0
 136:	4040      	eors	r0, r0
